!SESSION 2025-10-08 13:29:04.958 -----------------------------------------------
eclipse.buildId=unknown
java.version=1.8.0_161
java.vendor=Oracle Corporation
BootLoader constants: OS=win32, ARCH=x86_64, WS=win32, NL=en_IN
Command-line arguments:  -configuration configuration

!ENTRY org.eclipse.osgi 4 0 2025-10-08 13:29:05.621
!MESSAGE Bundle file:../bundles/hello-api-1.0.0.jar not found.

!ENTRY org.eclipse.osgi 4 0 2025-10-08 13:29:05.623
!MESSAGE Bundle file:../bundles/hello-impl-1.0.0.jar not found.

!ENTRY org.eclipse.osgi 4 0 2025-10-08 13:29:05.626
!MESSAGE Bundle file:../bundles/cxf-core-4.0.4.jar not found.

!ENTRY org.eclipse.osgi 4 0 2025-10-08 13:29:05.631
!MESSAGE Bundle file:../bundles/cxf-rt-frontend-simple-4.0.4.jar not found.

!ENTRY org.eclipse.osgi 4 0 2025-10-08 13:29:05.640
!MESSAGE Bundle file:../bundles/cxf-rt-databinding-aegis-4.0.4.jar not found.

!ENTRY org.eclipse.osgi 4 0 2025-10-08 13:29:05.649
!MESSAGE Bundle file:../bundles/cxf-rt-bindings-soap-4.0.4.jar not found.

!ENTRY org.eclipse.osgi 4 0 2025-10-08 13:29:05.670
!MESSAGE Bundle file:../bundles/cxf-rt-transports-http-4.0.4.jar not found.

!ENTRY org.eclipse.osgi 4 0 2025-10-08 13:29:05.691
!MESSAGE Bundle file:../bundles/cxf-rt-transports-http-jetty-4.0.4.jar not found.

!ENTRY org.eclipse.osgi 4 0 2025-10-08 13:29:05.729
!MESSAGE Bundle file:../bundles/jetty-http-11.0.20.jar not found.

!ENTRY org.eclipse.osgi 4 0 2025-10-08 13:29:05.750
!MESSAGE Bundle file:../bundles/jetty-io-11.0.20.jar not found.

!ENTRY org.eclipse.osgi 4 0 2025-10-08 13:29:05.768
!MESSAGE Bundle file:../bundles/jetty-util-11.0.20.jar not found.

!ENTRY org.eclipse.osgi 4 0 2025-10-08 13:29:05.787
!MESSAGE Bundle file:../bundles/jetty-server-11.0.20.jar not found.

!ENTRY org.eclipse.osgi 4 0 2025-10-08 13:29:05.800
!MESSAGE Bundle file:../bundles/jetty-security-11.0.20.jar not found.

!ENTRY org.eclipse.osgi 4 0 2025-10-08 13:29:05.816
!MESSAGE Bundle file:../bundles/jetty-servlet-11.0.20.jar not found.

!ENTRY org.eclipse.osgi 4 0 2025-10-08 13:29:05.823
!MESSAGE Bundle file:../bundles/jakarta.servlet-api-5.0.0.jar not found.

!ENTRY org.eclipse.osgi 4 0 2025-10-08 13:29:05.895
!MESSAGE Application error
!STACK 1
java.lang.IllegalStateException: Unable to acquire application service. Ensure that the org.eclipse.core.runtime bundle is resolved and started (see config.ini).
	at org.eclipse.core.runtime.internal.adaptor.EclipseAppLauncher.start(EclipseAppLauncher.java:81)
	at org.eclipse.core.runtime.adaptor.EclipseStarter.run(EclipseStarter.java:402)
	at org.eclipse.core.runtime.adaptor.EclipseStarter.run(EclipseStarter.java:255)
	at org.eclipse.core.runtime.adaptor.EclipseStarter.main(EclipseStarter.java:228)
