!SESSION 2025-10-08 13:16:48.502 -----------------------------------------------
eclipse.buildId=unknown
java.version=17.0.10
java.vendor=Eclipse Adoptium
BootLoader constants: OS=win32, ARCH=x86_64, WS=win32, NL=en_IN
Command-line arguments:  -console -configuration configuration

!ENTRY org.eclipse.osgi 4 0 2025-10-08 13:16:49.191
!MESSAGE Bundle file:../bundles/hello-api-1.0.0.jar not found.

!ENTRY org.eclipse.osgi 4 0 2025-10-08 13:16:49.195
!MESSAGE Bundle file:../bundles/hello-impl-1.0.0.jar not found.

!ENTRY org.eclipse.osgi 4 0 2025-10-08 13:16:49.197
!MESSAGE Bundle file:../bundles/cxf-core-4.0.4.jar not found.

!ENTRY org.eclipse.osgi 4 0 2025-10-08 13:16:49.201
!MESSAGE Bundle file:../bundles/cxf-rt-frontend-simple-4.0.4.jar not found.

!ENTRY org.eclipse.osgi 4 0 2025-10-08 13:16:49.205
!MESSAGE Bundle file:../bundles/cxf-rt-databinding-aegis-4.0.4.jar not found.

!ENTRY org.eclipse.osgi 4 0 2025-10-08 13:16:49.207
!MESSAGE Bundle file:../bundles/cxf-rt-bindings-soap-4.0.4.jar not found.

!ENTRY org.eclipse.osgi 4 0 2025-10-08 13:16:49.210
!MESSAGE Bundle file:../bundles/cxf-rt-transports-http-4.0.4.jar not found.

!ENTRY org.eclipse.osgi 4 0 2025-10-08 13:16:49.212
!MESSAGE Bundle file:../bundles/cxf-rt-transports-http-jetty-4.0.4.jar not found.

!ENTRY org.eclipse.osgi 4 0 2025-10-08 13:16:49.215
!MESSAGE Bundle file:../bundles/jetty-http-11.0.20.jar not found.

!ENTRY org.eclipse.osgi 4 0 2025-10-08 13:16:49.217
!MESSAGE Bundle file:../bundles/jetty-io-11.0.20.jar not found.

!ENTRY org.eclipse.osgi 4 0 2025-10-08 13:16:49.220
!MESSAGE Bundle file:../bundles/jetty-util-11.0.20.jar not found.

!ENTRY org.eclipse.osgi 4 0 2025-10-08 13:16:49.223
!MESSAGE Bundle file:../bundles/jetty-server-11.0.20.jar not found.

!ENTRY org.eclipse.osgi 4 0 2025-10-08 13:16:49.229
!MESSAGE Bundle file:../bundles/jetty-security-11.0.20.jar not found.

!ENTRY org.eclipse.osgi 4 0 2025-10-08 13:16:49.232
!MESSAGE Bundle file:../bundles/jetty-servlet-11.0.20.jar not found.

!ENTRY org.eclipse.osgi 4 0 2025-10-08 13:16:49.243
!MESSAGE Bundle file:../bundles/jakarta.servlet-api-5.0.0.jar not found.

!ENTRY org.eclipse.osgi 4 0 2025-10-08 13:16:49.257
!MESSAGE Could not find bundle: org.eclipse.equinox.console
!STACK 0
org.osgi.framework.BundleException: Could not find bundle: org.eclipse.equinox.console
	at org.eclipse.core.runtime.internal.adaptor.ConsoleManager.checkForConsoleBundle(ConsoleManager.java:69)
	at org.eclipse.core.runtime.adaptor.EclipseStarter.startup(EclipseStarter.java:352)
	at org.eclipse.core.runtime.adaptor.EclipseStarter.run(EclipseStarter.java:251)
	at org.eclipse.core.runtime.adaptor.EclipseStarter.main(EclipseStarter.java:228)

!ENTRY org.eclipse.osgi 4 0 2025-10-08 13:16:49.266
!MESSAGE Application error
!STACK 1
java.lang.IllegalStateException: Unable to acquire application service. Ensure that the org.eclipse.core.runtime bundle is resolved and started (see config.ini).
	at org.eclipse.core.runtime.internal.adaptor.EclipseAppLauncher.start(EclipseAppLauncher.java:81)
	at org.eclipse.core.runtime.adaptor.EclipseStarter.run(EclipseStarter.java:402)
	at org.eclipse.core.runtime.adaptor.EclipseStarter.run(EclipseStarter.java:255)
	at org.eclipse.core.runtime.adaptor.EclipseStarter.main(EclipseStarter.java:228)
