!SESSION 2025-10-08 13:25:38.778 -----------------------------------------------
eclipse.buildId=unknown
java.version=17.0.10
java.vendor=Eclipse Adoptium
BootLoader constants: OS=win32, ARCH=x86_64, WS=win32, NL=en_IN
Command-line arguments:  -console -configuration configuration

!ENTRY org.eclipse.osgi 4 0 2025-10-08 13:25:39.779
!MESSAGE Bundle file:../bundles/hello-api-1.0.0.jar not found.

!ENTRY org.eclipse.osgi 4 0 2025-10-08 13:25:39.784
!MESSAGE Bundle file:../bundles/hello-impl-1.0.0.jar not found.

!ENTRY org.eclipse.osgi 4 0 2025-10-08 13:25:39.789
!MESSAGE Bundle file:../bundles/cxf-core-4.0.4.jar not found.

!ENTRY org.eclipse.osgi 4 0 2025-10-08 13:25:39.865
!MESSAGE Bundle file:../bundles/cxf-rt-frontend-simple-4.0.4.jar not found.

!ENTRY org.eclipse.osgi 4 0 2025-10-08 13:25:39.869
!MESSAGE Bundle file:../bundles/cxf-rt-databinding-aegis-4.0.4.jar not found.

!ENTRY org.eclipse.osgi 4 0 2025-10-08 13:25:39.874
!MESSAGE Bundle file:../bundles/cxf-rt-bindings-soap-4.0.4.jar not found.

!ENTRY org.eclipse.osgi 4 0 2025-10-08 13:25:39.879
!MESSAGE Bundle file:../bundles/cxf-rt-transports-http-4.0.4.jar not found.

!ENTRY org.eclipse.osgi 4 0 2025-10-08 13:25:39.901
!MESSAGE Bundle file:../bundles/cxf-rt-transports-http-jetty-4.0.4.jar not found.

!ENTRY org.eclipse.osgi 4 0 2025-10-08 13:25:39.915
!MESSAGE Bundle file:../bundles/jetty-http-11.0.20.jar not found.

!ENTRY org.eclipse.osgi 4 0 2025-10-08 13:25:39.940
!MESSAGE Bundle file:../bundles/jetty-io-11.0.20.jar not found.

!ENTRY org.eclipse.osgi 4 0 2025-10-08 13:25:39.963
!MESSAGE Bundle file:../bundles/jetty-util-11.0.20.jar not found.

!ENTRY org.eclipse.osgi 4 0 2025-10-08 13:25:39.978
!MESSAGE Bundle file:../bundles/jetty-server-11.0.20.jar not found.

!ENTRY org.eclipse.osgi 4 0 2025-10-08 13:25:39.999
!MESSAGE Bundle file:../bundles/jetty-security-11.0.20.jar not found.

!ENTRY org.eclipse.osgi 4 0 2025-10-08 13:25:40.025
!MESSAGE Bundle file:../bundles/jetty-servlet-11.0.20.jar not found.

!ENTRY org.eclipse.osgi 4 0 2025-10-08 13:25:40.038
!MESSAGE Bundle file:../bundles/jakarta.servlet-api-5.0.0.jar not found.

!ENTRY org.eclipse.osgi 4 0 2025-10-08 13:25:40.095
!MESSAGE Could not find bundle: org.eclipse.equinox.console
!STACK 0
org.osgi.framework.BundleException: Could not find bundle: org.eclipse.equinox.console
	at org.eclipse.core.runtime.internal.adaptor.ConsoleManager.checkForConsoleBundle(ConsoleManager.java:69)
	at org.eclipse.core.runtime.adaptor.EclipseStarter.startup(EclipseStarter.java:352)
	at org.eclipse.core.runtime.adaptor.EclipseStarter.run(EclipseStarter.java:251)
	at org.eclipse.core.runtime.adaptor.EclipseStarter.main(EclipseStarter.java:228)

!ENTRY org.eclipse.osgi 4 0 2025-10-08 13:25:40.130
!MESSAGE Application error
!STACK 1
java.lang.IllegalStateException: Unable to acquire application service. Ensure that the org.eclipse.core.runtime bundle is resolved and started (see config.ini).
	at org.eclipse.core.runtime.internal.adaptor.EclipseAppLauncher.start(EclipseAppLauncher.java:81)
	at org.eclipse.core.runtime.adaptor.EclipseStarter.run(EclipseStarter.java:402)
	at org.eclipse.core.runtime.adaptor.EclipseStarter.run(EclipseStarter.java:255)
	at org.eclipse.core.runtime.adaptor.EclipseStarter.main(EclipseStarter.java:228)
